// Jest Snapshot v1, https://goo.gl/fbAQLP

exports[`navbar snapshot testing 1`] = `null`;
