// Jest Snapshot v1, https://goo.gl/fbAQLP

exports[`renders correctly 1`] = `
<div
  className="App"
>
  <nav
    className="navbar-0-2-2"
    title="navbar"
  >
    <img
      alt="ipl-logo"
      className="logoImage-0-2-1"
      src="ipl-logo.png"
    />
    <h1
      className="navHeading-0-2-3"
      title="heading"
    >
      INDIAN PREMIRE LEAGUE
    </h1>
  </nav>
  <div
    className="loader"
  >
    <div
      aria-busy="true"
      className=""
      style={Object {}}
    >
      <svg
        aria-label="audio-loading"
        height={80}
        viewBox="0 0 38 38"
        width={80}
        xmlns="http://www.w3.org/2000/svg"
      >
        <defs>
          <linearGradient
            id="a"
            x1="8.042%"
            x2="65.682%"
            y1="0%"
            y2="23.865%"
          >
            <stop
              offset="0%"
              stopColor="#00BFFF"
              stopOpacity="0"
            />
            <stop
              offset="63.146%"
              stopColor="#00BFFF"
              stopOpacity=".631"
            />
            <stop
              offset="100%"
              stopColor="#00BFFF"
            />
          </linearGradient>
        </defs>
        <g
          fill="none"
          fillRule="evenodd"
        >
          <g
            transform="translate(1 1)"
          >
            <path
              d="M36 18c0-9.94-8.06-18-18-18"
              id="Oval-2"
              stroke="#00BFFF"
              strokeWidth="2"
            >
              <animateTransform
                attributeName="transform"
                dur="0.9s"
                from="0 18 18"
                repeatCount="indefinite"
                to="360 18 18"
                type="rotate"
              />
            </path>
            <circle
              cx="36"
              cy="18"
              fill="#fff"
              r={1}
            >
              <animateTransform
                attributeName="transform"
                dur="0.9s"
                from="0 18 18"
                repeatCount="indefinite"
                to="360 18 18"
                type="rotate"
              />
            </circle>
          </g>
        </g>
      </svg>
    </div>
  </div>
</div>
`;
