// Jest Snapshot v1, https://goo.gl/fbAQLP

exports[`customLoader snapshot testing 1`] = `null`;
