// Jest Snapshot v1, https://goo.gl/fbAQLP

exports[`renders correctly 1`] = `
<nav
  className="navbar-0-2-2"
  title="navbar"
>
  <img
    alt="ipl-logo"
    className="logoImage-0-2-1"
    src="ipl-logo.png"
  />
  <h1
    className="navHeading-0-2-3"
    title="heading"
  >
    INDIAN PREMIRE LEAGUE
  </h1>
</nav>
`;
